<html>
<body>
<pre>
<h1>µVision Build Log</h1>
<h2>Project:</h2>
E:\Keil\Labware\Demo\Demo.uvproj
Project File Date:  08/28/2018

<h2>Output:</h2>
Build target 'HelloLaunchPad'
compiling main.c...
main.c(146): warning:  #1-D: last line of file ends without a newline
  }
main.c: 1 warning, 0 errors
linking...
Program Size: Code=1292 RO-data=16 RW-data=0 ZI-data=1120  
".\HelloLaunchPad.axf" - 0 Error(s), 1 Warning(s).
Load "E:\\Keil\\Labware\\Demo\\HelloLaunchPad.axf" 
Connecting: Mode=JTAG, Speed=1000000Hz
Erase Done.
Programming Done.
Verify OK.
xf" - 1 Error(s), 2 Warning(s).
Target not created
