<html>
<body>
<pre>
<h1>µVision Build Log</h1>
<h2>Project:</h2>
E:\Keil\Labware\GrandAve_PedLight\GrandAve_PedLight\GrandAve_TL.uvproj
Project File Date:  10/01/2021

<h2>Output:</h2>
Build target 'Target 1'
compiling main.c...
linking...
Program Size: Code=1860 RO-data=248 RW-data=20 ZI-data=1124  
".\GrandAve_TL.axf" - 0 Error(s), 0 Warning(s).
Load "E:\\Keil\\Labware\\GrandAve_PedLight\\GrandAve_PedLight\\GrandAve_TL.axf" 
Connecting: Mode=JTAG, Speed=1000000Hz
Erase Done.
Programming Done.
Verify OK.
</pre>
</body>
</html>
