<html>
<body>
<pre>
<h1>µVision Build Log</h1>
<h2>Project:</h2>
E:\Keil\Labware\Demo2\C8_SwitchLED\C8.uvproj
Project File Date:  09/16/2021

<h2>Output:</h2>
Build target 'SwitchLight'
compiling main.c...
main.c(113): warning:  #1-D: last line of file ends without a newline
  }
main.c: 1 warning, 0 errors
linking...
Program Size: Code=1248 RO-data=32 RW-data=12 ZI-data=1124  
".\SwitchLight.axf" - 0 Error(s), 1 Warning(s).
Load "E:\\Keil\\Labware\\Demo2\\C8_SwitchLED\\SwitchLight.axf" 
Connecting: Mode=JTAG, Speed=1000000Hz
Erase Done.
Programming Done.
Verify OK.
Load "E:\\Keil\\Labware\\Demo2\\C8_SwitchLED\\SwitchLight.axf" 
Connecting: Mode=JTAG, Speed=1000000Hz
Erase Done.
Programming Done.
Verify OK.
oad "E:\\Keil\\Labware\\Demo2\\C8_SwitchLED\\SwitchLight.axf" 
Connecting: Mode=JTAG, Speed=1000000Hz
Erase Done.
Programming Done.
Verify OK.
